// Jest Snapshot v1, https://goo.gl/fbAQLP

exports[`sorting numbers 1`] = `
Array [
  -Infinity,
  null,
  -1234322343432,
  -0.43,
  0,
  1.23,
  123235235234,
  Infinity,
  undefined,
]
`;

exports[`sorting numbers 2`] = `
Array [
  0,
  1.23,
  -0.43,
  Infinity,
  -Infinity,
  123235235234,
  -1234322343432,
  null,
  undefined,
]
`;

exports[`sorting numbers 3`] = `
Array [
  1.23,
  -0.43,
  123235235234,
  -Infinity,
  Infinity,
  0,
  -1234322343432,
  null,
  undefined,
]
`;

exports[`sorting strings 1`] = `
Array [
  null,
  "",
  " ",
  "_acd",
  "abcd",
  "aecd",
  "bac",
  "bbc",
  undefined,
]
`;

exports[`sorting strings 2`] = `
Array [
  null,
  "",
  " ",
  "bac",
  "bbc",
  "abcd",
  "aecd",
  "_acd",
  undefined,
]
`;

exports[`sorting strings 3`] = `
Array [
  null,
  "bac",
  "abcd",
  "aecd",
  "_acd",
  "bbc",
  "",
  " ",
  undefined,
]
`;
